Archive member included to satisfy reference by file (symbol)

/opt/st/stm32cubeide_1.13.1/plugins/com.st.stm32cube.ide.mcu.externaltools.gnu-tools-for-stm32.11.3.rel1.linux64_1.1.0.202305231506/tools/bin/../lib/gcc/arm-none-eabi/11.3.1/../../../../arm-none-eabi/lib/thumb/v6-m/nofp/libc_nano.a(libc_a-exit.o)
                              /opt/st/stm32cubeide_1.13.1/plugins/com.st.stm32cube.ide.mcu.externaltools.gnu-tools-for-stm32.11.3.rel1.linux64_1.1.0.202305231506/tools/bin/../lib/gcc/arm-none-eabi/11.3.1/../../../../arm-none-eabi/lib/thumb/v6-m/nofp/crt0.o (exit)
/opt/st/stm32cubeide_1.13.1/plugins/com.st.stm32cube.ide.mcu.externaltools.gnu-tools-for-stm32.11.3.rel1.linux64_1.1.0.202305231506/tools/bin/../lib/gcc/arm-none-eabi/11.3.1/../../../../arm-none-eabi/lib/thumb/v6-m/nofp/libc_nano.a(libc_a-findfp.o)
                              /opt/st/stm32cubeide_1.13.1/plugins/com.st.stm32cube.ide.mcu.externaltools.gnu-tools-for-stm32.11.3.rel1.linux64_1.1.0.202305231506/tools/bin/../lib/gcc/arm-none-eabi/11.3.1/../../../../arm-none-eabi/lib/thumb/v6-m/nofp/libc_nano.a(libc_a-exit.o) (__stdio_exit_handler)
/opt/st/stm32cubeide_1.13.1/plugins/com.st.stm32cube.ide.mcu.externaltools.gnu-tools-for-stm32.11.3.rel1.linux64_1.1.0.202305231506/tools/bin/../lib/gcc/arm-none-eabi/11.3.1/../../../../arm-none-eabi/lib/thumb/v6-m/nofp/libc_nano.a(libc_a-fwalk.o)
                              /opt/st/stm32cubeide_1.13.1/plugins/com.st.stm32cube.ide.mcu.externaltools.gnu-tools-for-stm32.11.3.rel1.linux64_1.1.0.202305231506/tools/bin/../lib/gcc/arm-none-eabi/11.3.1/../../../../arm-none-eabi/lib/thumb/v6-m/nofp/libc_nano.a(libc_a-findfp.o) (_fwalk_sglue)
/opt/st/stm32cubeide_1.13.1/plugins/com.st.stm32cube.ide.mcu.externaltools.gnu-tools-for-stm32.11.3.rel1.linux64_1.1.0.202305231506/tools/bin/../lib/gcc/arm-none-eabi/11.3.1/../../../../arm-none-eabi/lib/thumb/v6-m/nofp/libc_nano.a(libc_a-stdio.o)
                              /opt/st/stm32cubeide_1.13.1/plugins/com.st.stm32cube.ide.mcu.externaltools.gnu-tools-for-stm32.11.3.rel1.linux64_1.1.0.202305231506/tools/bin/../lib/gcc/arm-none-eabi/11.3.1/../../../../arm-none-eabi/lib/thumb/v6-m/nofp/libc_nano.a(libc_a-findfp.o) (__sread)
/opt/st/stm32cubeide_1.13.1/plugins/com.st.stm32cube.ide.mcu.externaltools.gnu-tools-for-stm32.11.3.rel1.linux64_1.1.0.202305231506/tools/bin/../lib/gcc/arm-none-eabi/11.3.1/../../../../arm-none-eabi/lib/thumb/v6-m/nofp/libc_nano.a(libc_a-memset.o)
                              /opt/st/stm32cubeide_1.13.1/plugins/com.st.stm32cube.ide.mcu.externaltools.gnu-tools-for-stm32.11.3.rel1.linux64_1.1.0.202305231506/tools/bin/../lib/gcc/arm-none-eabi/11.3.1/../../../../arm-none-eabi/lib/thumb/v6-m/nofp/crt0.o (memset)
/opt/st/stm32cubeide_1.13.1/plugins/com.st.stm32cube.ide.mcu.externaltools.gnu-tools-for-stm32.11.3.rel1.linux64_1.1.0.202305231506/tools/bin/../lib/gcc/arm-none-eabi/11.3.1/../../../../arm-none-eabi/lib/thumb/v6-m/nofp/libc_nano.a(libc_a-closer.o)
                              /opt/st/stm32cubeide_1.13.1/plugins/com.st.stm32cube.ide.mcu.externaltools.gnu-tools-for-stm32.11.3.rel1.linux64_1.1.0.202305231506/tools/bin/../lib/gcc/arm-none-eabi/11.3.1/../../../../arm-none-eabi/lib/thumb/v6-m/nofp/libc_nano.a(libc_a-stdio.o) (_close_r)
/opt/st/stm32cubeide_1.13.1/plugins/com.st.stm32cube.ide.mcu.externaltools.gnu-tools-for-stm32.11.3.rel1.linux64_1.1.0.202305231506/tools/bin/../lib/gcc/arm-none-eabi/11.3.1/../../../../arm-none-eabi/lib/thumb/v6-m/nofp/libc_nano.a(libc_a-reent.o)
                              /opt/st/stm32cubeide_1.13.1/plugins/com.st.stm32cube.ide.mcu.externaltools.gnu-tools-for-stm32.11.3.rel1.linux64_1.1.0.202305231506/tools/bin/../lib/gcc/arm-none-eabi/11.3.1/../../../../arm-none-eabi/lib/thumb/v6-m/nofp/libc_nano.a(libc_a-closer.o) (errno)
/opt/st/stm32cubeide_1.13.1/plugins/com.st.stm32cube.ide.mcu.externaltools.gnu-tools-for-stm32.11.3.rel1.linux64_1.1.0.202305231506/tools/bin/../lib/gcc/arm-none-eabi/11.3.1/../../../../arm-none-eabi/lib/thumb/v6-m/nofp/libc_nano.a(libc_a-impure.o)
                              /opt/st/stm32cubeide_1.13.1/plugins/com.st.stm32cube.ide.mcu.externaltools.gnu-tools-for-stm32.11.3.rel1.linux64_1.1.0.202305231506/tools/bin/../lib/gcc/arm-none-eabi/11.3.1/../../../../arm-none-eabi/lib/thumb/v6-m/nofp/libc_nano.a(libc_a-reent.o) (_impure_ptr)
/opt/st/stm32cubeide_1.13.1/plugins/com.st.stm32cube.ide.mcu.externaltools.gnu-tools-for-stm32.11.3.rel1.linux64_1.1.0.202305231506/tools/bin/../lib/gcc/arm-none-eabi/11.3.1/../../../../arm-none-eabi/lib/thumb/v6-m/nofp/libc_nano.a(libc_a-lseekr.o)
                              /opt/st/stm32cubeide_1.13.1/plugins/com.st.stm32cube.ide.mcu.externaltools.gnu-tools-for-stm32.11.3.rel1.linux64_1.1.0.202305231506/tools/bin/../lib/gcc/arm-none-eabi/11.3.1/../../../../arm-none-eabi/lib/thumb/v6-m/nofp/libc_nano.a(libc_a-stdio.o) (_lseek_r)
[...]
Memory Configuration

Name             Origin             Length             Attributes
RAM              0x0000000020000000 0x0000000000008000 xrw
FLASH            0x0000000008000000 0x0000000000040000 xr
*default*        0x0000000000000000 0xffffffffffffffff

Linker script and memory map

LOAD /opt/st/stm32cubeide_1.13.1/plugins/com.st.stm32cube.ide.mcu.externaltools.gnu-tools-for-stm32.11.3.rel1.linux64_1.1.0.202305231506/tools/bin/../lib/gcc/arm-none-eabi/11.3.1/thumb/v6-m/nofp/crti.o
LOAD /opt/st/stm32cubeide_1.13.1/plugins/com.st.stm32cube.ide.mcu.externaltools.gnu-tools-for-stm32.11.3.rel1.linux64_1.1.0.202305231506/tools/bin/../lib/gcc/arm-none-eabi/11.3.1/thumb/v6-m/nofp/crtbegin.o
LOAD /opt/st/stm32cubeide_1.13.1/plugins/com.st.stm32cube.ide.mcu.externaltools.gnu-tools-for-stm32.11.3.rel1.linux64_1.1.0.202305231506/tools/bin/../lib/gcc/arm-none-eabi/11.3.1/../../../../arm-none-eabi/lib/thumb/v6-m/nofp/crt0.o
LOAD ./Core/Src/Jetson_Bridge/Jetson_Bridge.o
LOAD ./Core/Src/UART_Driver/UART_Driver.o
LOAD ./Core/Src/main.o
LOAD ./Core/Src/stm32f0xx_hal_msp.o
LOAD ./Core/Src/stm32f0xx_it.o
LOAD ./Core/Src/syscalls.o
LOAD ./Core/Src/sysmem.o
LOAD ./Core/Src/system_stm32f0xx.o
LOAD ./Core/Startup/startup_stm32f091rctx.o
LOAD ./Drivers/STM32F0xx_HAL_Driver/Src/stm32f0xx_hal.o
LOAD ./Drivers/STM32F0xx_HAL_Driver/Src/stm32f0xx_hal_cortex.o
LOAD ./Drivers/STM32F0xx_HAL_Driver/Src/stm32f0xx_hal_dma.o
LOAD ./Drivers/STM32F0xx_HAL_Driver/Src/stm32f0xx_hal_exti.o
LOAD ./Drivers/STM32F0xx_HAL_Driver/Src/stm32f0xx_hal_flash.o
LOAD ./Drivers/STM32F0xx_HAL_Driver/Src/stm32f0xx_hal_flash_ex.o
LOAD ./Drivers/STM32F0xx_HAL_Driver/Src/stm32f0xx_hal_gpio.o
LOAD ./Drivers/STM32F0xx_HAL_Driver/Src/stm32f0xx_hal_i2c.o
LOAD ./Drivers/STM32F0xx_HAL_Driver/Src/stm32f0xx_hal_i2c_ex.o
LOAD ./Drivers/STM32F0xx_HAL_Driver/Src/stm32f0xx_hal_pwr.o
LOAD ./Drivers/STM32F0xx_HAL_Driver/Src/stm32f0xx_hal_pwr_ex.o
LOAD ./Drivers/STM32F0xx_HAL_Driver/Src/stm32f0xx_hal_rcc.o
LOAD ./Drivers/STM32F0xx_HAL_Driver/Src/stm32f0xx_hal_rcc_ex.o
LOAD ./Drivers/STM32F0xx_HAL_Driver/Src/stm32f0xx_hal_uart.o
LOAD ./Drivers/STM32F0xx_HAL_Driver/Src/stm32f0xx_hal_uart_ex.o
START GROUP
LOAD /opt/st/stm32cubeide_1.13.1/plugins/com.st.stm32cube.ide.mcu.externaltools.gnu-tools-for-stm32.11.3.rel1.linux64_1.1.0.202305231506/tools/bin/../lib/gcc/arm-none-eabi/11.3.1/../../../../arm-none-eabi/lib/thumb/v6-m/nofp/libc_nano.a
LOAD /opt/st/stm32cubeide_1.13.1/plugins/com.st.stm32cube.ide.mcu.externaltools.gnu-tools-for-stm32.11.3.rel1.linux64_1.1.0.202305231506/tools/bin/../lib/gcc/arm-none-eabi/11.3.1/../../../../arm-none-eabi/lib/thumb/v6-m/nofp/libm.a
END GROUP
START GROUP
LOAD /opt/st/stm32cubeide_1.13.1/plugins/com.st.stm32cube.ide.mcu.externaltools.gnu-tools-for-stm32.11.3.rel1.linux64_1.1.0.202305231506/tools/bin/../lib/gcc/arm-none-eabi/11.3.1/thumb/v6-m/nofp/libgcc.a
LOAD /opt/st/stm32cubeide_1.13.1/plugins/com.st.stm32cube.ide.mcu.externaltools.gnu-tools-for-stm32.11.3.rel1.linux64_1.1.0.202305231506/tools/bin/../lib/gcc/arm-none-eabi/11.3.1/../../../../arm-none-eabi/lib/thumb/v6-m/nofp/libc_nano.a
END GROUP
START GROUP
LOAD /opt/st/stm32cubeide_1.13.1/plugins/com.st.stm32cube.ide.mcu.externaltools.gnu-tools-for-stm32.11.3.rel1.linux64_1.1.0.202305231506/tools/bin/../lib/gcc/arm-none-eabi/11.3.1/thumb/v6-m/nofp/libgcc.a
LOAD /opt/st/stm32cubeide_1.13.1/plugins/com.st.stm32cube.ide.mcu.externaltools.gnu-tools-for-stm32.11.3.rel1.linux64_1.1.0.202305231506/tools/bin/../lib/gcc/arm-none-eabi/11.3.1/../../../../arm-none-eabi/lib/thumb/v6-m/nofp/libc_nano.a
LOAD /opt/st/stm32cubeide_1.13.1/plugins/com.st.stm32cube.ide.mcu.externaltools.gnu-tools-for-stm32.11.3.rel1.linux64_1.1.0.202305231506/tools/bin/../lib/gcc/arm-none-eabi/11.3.1/../../../../arm-none-eabi/lib/thumb/v6-m/nofp/libnosys.a
END GROUP
START GROUP
LOAD /opt/st/stm32cubeide_1.13.1/plugins/com.st.stm32cube.ide.mcu.externaltools.gnu-tools-for-stm32.11.3.rel1.linux64_1.1.0.202305231506/tools/bin/../lib/gcc/arm-none-eabi/11.3.1/thumb/v6-m/nofp/libgcc.a
LOAD /opt/st/stm32cubeide_1.13.1/plugins/com.st.stm32cube.ide.mcu.externaltools.gnu-tools-for-stm32.11.3.rel1.linux64_1.1.0.202305231506/tools/bin/../lib/gcc/arm-none-eabi/11.3.1/../../../../arm-none-eabi/lib/thumb/v6-m/nofp/libc_nano.a
LOAD /opt/st/stm32cubeide_1.13.1/plugins/com.st.stm32cube.ide.mcu.externaltools.gnu-tools-for-stm32.11.3.rel1.linux64_1.1.0.202305231506/tools/bin/../lib/gcc/arm-none-eabi/11.3.1/../../../../arm-none-eabi/lib/thumb/v6-m/nofp/libnosys.a
END GROUP
LOAD /opt/st/stm32cubeide_1.13.1/plugins/com.st.stm32cube.ide.mcu.externaltools.gnu-tools-for-stm32.11.3.rel1.linux64_1.1.0.202305231506/tools/bin/../lib/gcc/arm-none-eabi/11.3.1/thumb/v6-m/nofp/crtend.o
LOAD /opt/st/stm32cubeide_1.13.1/plugins/com.st.stm32cube.ide.mcu.externaltools.gnu-tools-for-stm32.11.3.rel1.linux64_1.1.0.202305231506/tools/bin/../lib/gcc/arm-none-eabi/11.3.1/thumb/v6-m/nofp/crtn.o
                0x0000000020008000                _estack = (ORIGIN (RAM) + LENGTH (RAM))
                0x0000000000000200                _Min_Heap_Size = 0x200
                0x0000000000000400                _Min_Stack_Size = 0x400

.isr_vector     0x0000000008000000       0xbc
                0x0000000008000000                . = ALIGN (0x4)
 *(.isr_vector)
 .isr_vector    0x0000000008000000       0xbc ./Core/Startup/startup_stm32f091rctx.o
                0x0000000008000000                g_pfnVectors
                0x00000000080000bc                . = ALIGN (0x4)

.text           0x00000000080000bc     0x3000
                0x00000000080000bc                . = ALIGN (0x4)
 *(.text)
 .text          0x00000000080000bc       0x48 /opt/st/stm32cubeide_1.13.1/plugins/com.st.stm32cube.ide.mcu.externaltools.gnu-tools-for-stm32.11.3.rel1.linux64_1.1.0.202305231506/tools/bin/../lib/gcc/arm-none-eabi/11.3.1/thumb/v6-m/nofp/crtbegin.o
 .text          0x0000000008000104      0x114 /opt/st/stm32cubeide_1.13.1/plugins/com.st.stm32cube.ide.mcu.externaltools.gnu-tools-for-stm32.11.3.rel1.linux64_1.1.0.202305231506/tools/bin/../lib/gcc/arm-none-eabi/11.3.1/thumb/v6-m/nofp/libgcc.a(_udivsi3.o)
                0x0000000008000104                __udivsi3
                0x0000000008000104                __aeabi_uidiv
                0x0000000008000210                __aeabi_uidivmod
 .text          0x0000000008000218        0x4 /opt/st/stm32cubeide_1.13.1/plugins/com.st.stm32cube.ide.mcu.externaltools.gnu-tools-for-stm32.11.3.rel1.linux64_1.1.0.202305231506/tools/bin/../lib/gcc/arm-none-eabi/11.3.1/thumb/v6-m/nofp/libgcc.a(_dvmd_tls.o)
                0x0000000008000218                __aeabi_ldiv0
                0x0000000008000218                __aeabi_idiv0
 *(.text*)
 .text.Jetson_Bridge_RxBridgeMsg
                0x000000000800021c       0x16 ./Core/Src/Jetson_Bridge/Jetson_Bridge.o
                0x000000000800021c                Jetson_Bridge_RxBridgeMsg
 *fill*         0x0000000008000232        0x2 
 .text.UART_Driver_Init
                0x0000000008000234       0xbc ./Core/Src/UART_Driver/UART_Driver.o
                0x0000000008000234                UART_Driver_Init
 .text.UART_Driver_RxInit
                0x00000000080002f0       0x20 ./Core/Src/UART_Driver/UART_Driver.o
                0x00000000080002f0                UART_Driver_RxInit
 .text.DMA1_Ch1_IRQHandler
                0x0000000008000310       0x18 ./Core/Src/UART_Driver/UART_Driver.o
                0x0000000008000310                DMA1_Ch1_IRQHandler
 .text.DMA1_Ch2_3_DMA2_Ch1_2_IRQHandler
                0x0000000008000328       0x18 ./Core/Src/UART_Driver/UART_Driver.o
                0x0000000008000328                DMA1_Ch2_3_DMA2_Ch1_2_IRQHandler
 .text.USART1_IRQHandler
                0x0000000008000340       0x18 ./Core/Src/UART_Driver/UART_Driver.o
                0x0000000008000340                USART1_IRQHandler
 .text.HAL_UART_RxHalfCpltCallback
                0x0000000008000358       0x2c ./Core/Src/UART_Driver/UART_Driver.o
                0x0000000008000358                HAL_UART_RxHalfCpltCallback
 .text.HAL_UART_RxCpltCallback
                0x0000000008000384       0x34 ./Core/Src/UART_Driver/UART_Driver.o
                0x0000000008000384                HAL_UART_RxCpltCallback
 .text.main     0x00000000080003b8       0x16 ./Core/Src/main.o
                0x00000000080003b8                main
 .text.SystemClock_Config
                0x00000000080003ce       0xae ./Core/Src/main.o
                0x00000000080003ce                SystemClock_Config
 .text.Error_Handler
                0x000000000800047c        0xa ./Core/Src/main.o
                0x000000000800047c                Error_Handler
 *fill*         0x0000000008000486        0x2 
 .text.HAL_MspInit
                0x0000000008000488       0x48 ./Core/Src/stm32f0xx_hal_msp.o
                0x0000000008000488                HAL_MspInit
 .text.HAL_UART_MspInit
                0x00000000080004d0      0x198 ./Core/Src/stm32f0xx_hal_msp.o
                0x00000000080004d0                HAL_UART_MspInit
 .text.NMI_Handler
                0x0000000008000668        0x6 ./Core/Src/stm32f0xx_it.o
                0x0000000008000668                NMI_Handler
 .text.HardFault_Handler
                0x000000000800066e        0x6 ./Core/Src/stm32f0xx_it.o
                0x000000000800066e                HardFault_Handler
 .text.SVC_Handler
                0x0000000008000674        0xa ./Core/Src/stm32f0xx_it.o
                0x0000000008000674                SVC_Handler
 .text.PendSV_Handler
                0x000000000800067e        0xa ./Core/Src/stm32f0xx_it.o
                0x000000000800067e                PendSV_Handler
 .text.SysTick_Handler
                0x0000000008000688        0xe ./Core/Src/stm32f0xx_it.o
                0x0000000008000688                SysTick_Handler
 .text.SystemInit
                0x0000000008000696        0xa ./Core/Src/system_stm32f0xx.o
                0x0000000008000696                SystemInit
 .text.Reset_Handler
                0x00000000080006a0       0x50 ./Core/Startup/startup_stm32f091rctx.o
                0x00000000080006a0                Reset_Handler
 .text.Default_Handler
                0x00000000080006f0        0x2 ./Core/Startup/startup_stm32f091rctx.o
                0x00000000080006f0                TIM1_CC_IRQHandler
                0x00000000080006f0                TSC_IRQHandler
                0x00000000080006f0                ADC1_COMP_IRQHandler
                0x00000000080006f0                I2C1_IRQHandler
                0x00000000080006f0                RCC_CRS_IRQHandler
                0x00000000080006f0                SPI1_IRQHandler
                0x00000000080006f0                TIM6_DAC_IRQHandler
                0x00000000080006f0                EXTI2_3_IRQHandler
                0x00000000080006f0                I2C2_IRQHandler
                0x00000000080006f0                TIM17_IRQHandler
                0x00000000080006f0                CEC_CAN_IRQHandler
                0x00000000080006f0                RTC_IRQHandler
                0x00000000080006f0                PVD_VDDIO2_IRQHandler
                0x00000000080006f0                TIM16_IRQHandler
                0x00000000080006f0                TIM3_IRQHandler
                0x00000000080006f0                EXTI4_15_IRQHandler
                0x00000000080006f0                USART3_8_IRQHandler
                0x00000000080006f0                Default_Handler
                0x00000000080006f0                TIM14_IRQHandler
                0x00000000080006f0                TIM7_IRQHandler
                0x00000000080006f0                TIM15_IRQHandler
                0x00000000080006f0                EXTI0_1_IRQHandler
                0x00000000080006f0                SPI2_IRQHandler
                0x00000000080006f0                DMA1_Ch4_7_DMA2_Ch3_5_IRQHandler
                0x00000000080006f0                WWDG_IRQHandler
                0x00000000080006f0                TIM2_IRQHandler
                0x00000000080006f0                USART2_IRQHandler
                0x00000000080006f0                FLASH_IRQHandler
                0x00000000080006f0                TIM1_BRK_UP_TRG_COM_IRQHandler
 *fill*         0x00000000080006f2        0x2 
 .text.HAL_Init
                0x00000000080006f4       0x28 ./Drivers/STM32F0xx_HAL_Driver/Src/stm32f0xx_hal.o
                0x00000000080006f4                HAL_Init
 .text.HAL_InitTick
                0x000000000800071c       0x68 ./Drivers/STM32F0xx_HAL_Driver/Src/stm32f0xx_hal.o
                0x000000000800071c                HAL_InitTick
 .text.HAL_IncTick
                0x0000000008000784       0x24 ./Drivers/STM32F0xx_HAL_Driver/Src/stm32f0xx_hal.o
                0x0000000008000784                HAL_IncTick
 .text.HAL_GetTick
                0x00000000080007a8       0x14 ./Drivers/STM32F0xx_HAL_Driver/Src/stm32f0xx_hal.o
                0x00000000080007a8                HAL_GetTick
 .text.__NVIC_EnableIRQ
                0x00000000080007bc       0x34 ./Drivers/STM32F0xx_HAL_Driver/Src/stm32f0xx_hal_cortex.o
 .text.__NVIC_SetPriority
                0x00000000080007f0       0xdc ./Drivers/STM32F0xx_HAL_Driver/Src/stm32f0xx_hal_cortex.o
 .text.SysTick_Config
                0x00000000080008cc       0x48 ./Drivers/STM32F0xx_HAL_Driver/Src/stm32f0xx_hal_cortex.o
 .text.HAL_NVIC_SetPriority
                0x0000000008000914       0x2a ./Drivers/STM32F0xx_HAL_Driver/Src/stm32f0xx_hal_cortex.o
                0x0000000008000914                HAL_NVIC_SetPriority
 .text.HAL_NVIC_EnableIRQ
                0x000000000800093e       0x20 ./Drivers/STM32F0xx_HAL_Driver/Src/stm32f0xx_hal_cortex.o
                0x000000000800093e                HAL_NVIC_EnableIRQ
 .text.HAL_SYSTICK_Config
                0x000000000800095e       0x1a ./Drivers/STM32F0xx_HAL_Driver/Src/stm32f0xx_hal_cortex.o
                0x000000000800095e                HAL_SYSTICK_Config
 .text.HAL_DMA_Init
                0x0000000008000978       0x90 ./Drivers/STM32F0xx_HAL_Driver/Src/stm32f0xx_hal_dma.o
                0x0000000008000978                HAL_DMA_Init
 .text.HAL_DMA_Start_IT
                0x0000000008000a08       0xcc ./Drivers/STM32F0xx_HAL_Driver/Src/stm32f0xx_hal_dma.o
                0x0000000008000a08                HAL_DMA_Start_IT
 .text.HAL_DMA_Abort
                0x0000000008000ad4       0x70 ./Drivers/STM32F0xx_HAL_Driver/Src/stm32f0xx_hal_dma.o
                0x0000000008000ad4                HAL_DMA_Abort
 .text.HAL_DMA_Abort_IT
                0x0000000008000b44       0x8a ./Drivers/STM32F0xx_HAL_Driver/Src/stm32f0xx_hal_dma.o
                0x0000000008000b44                HAL_DMA_Abort_IT
 .text.HAL_DMA_IRQHandler
                0x0000000008000bce      0x144 ./Drivers/STM32F0xx_HAL_Driver/Src/stm32f0xx_hal_dma.o
                0x0000000008000bce                HAL_DMA_IRQHandler
 .text.DMA_SetConfig
                0x0000000008000d12       0x58 ./Drivers/STM32F0xx_HAL_Driver/Src/stm32f0xx_hal_dma.o
 *fill*         0x0000000008000d6a        0x2 
 .text.DMA_CalcBaseAndBitshift
                0x0000000008000d6c       0x74 ./Drivers/STM32F0xx_HAL_Driver/Src/stm32f0xx_hal_dma.o
 .text.HAL_GPIO_Init
                0x0000000008000de0      0x2f0 ./Drivers/STM32F0xx_HAL_Driver/Src/stm32f0xx_hal_gpio.o
                0x0000000008000de0                HAL_GPIO_Init
 .text.HAL_RCC_OscConfig
                0x00000000080010d0      0x70c ./Drivers/STM32F0xx_HAL_Driver/Src/stm32f0xx_hal_rcc.o
                0x00000000080010d0                HAL_RCC_OscConfig
 .text.HAL_RCC_ClockConfig
                0x00000000080017dc      0x1b4 ./Drivers/STM32F0xx_HAL_Driver/Src/stm32f0xx_hal_rcc.o
                0x00000000080017dc                HAL_RCC_ClockConfig
 .text.HAL_RCC_GetSysClockFreq
                0x0000000008001990       0xe4 ./Drivers/STM32F0xx_HAL_Driver/Src/stm32f0xx_hal_rcc.o
                0x0000000008001990                HAL_RCC_GetSysClockFreq
 .text.HAL_RCC_GetHCLKFreq
                0x0000000008001a74       0x14 ./Drivers/STM32F0xx_HAL_Driver/Src/stm32f0xx_hal_rcc.o
                0x0000000008001a74                HAL_RCC_GetHCLKFreq
 .text.HAL_RCC_GetPCLK1Freq
                0x0000000008001a88       0x2c ./Drivers/STM32F0xx_HAL_Driver/Src/stm32f0xx_hal_rcc.o
                0x0000000008001a88                HAL_RCC_GetPCLK1Freq
 .text.HAL_RCCEx_PeriphCLKConfig
                0x0000000008001ab4      0x200 ./Drivers/STM32F0xx_HAL_Driver/Src/stm32f0xx_hal_rcc_ex.o
                0x0000000008001ab4                HAL_RCCEx_PeriphCLKConfig
 .text.HAL_UART_Init
                0x0000000008001cb4       0xa8 ./Drivers/STM32F0xx_HAL_Driver/Src/stm32f0xx_hal_uart.o
                0x0000000008001cb4                HAL_UART_Init
 .text.HAL_UART_Receive_DMA
                0x0000000008001d5c       0xae ./Drivers/STM32F0xx_HAL_Driver/Src/stm32f0xx_hal_uart.o
                0x0000000008001d5c                HAL_UART_Receive_DMA
 *fill*         0x0000000008001e0a        0x2 
 .text.HAL_UART_IRQHandler
                0x0000000008001e0c      0x5c0 ./Drivers/STM32F0xx_HAL_Driver/Src/stm32f0xx_hal_uart.o
                0x0000000008001e0c                HAL_UART_IRQHandler
 .text.HAL_UART_TxCpltCallback
                0x00000000080023cc       0x10 ./Drivers/STM32F0xx_HAL_Driver/Src/stm32f0xx_hal_uart.o
                0x00000000080023cc                HAL_UART_TxCpltCallback
 .text.HAL_UART_ErrorCallback
                0x00000000080023dc       0x10 ./Drivers/STM32F0xx_HAL_Driver/Src/stm32f0xx_hal_uart.o
                0x00000000080023dc                HAL_UART_ErrorCallback
 .text.HAL_UARTEx_RxEventCallback
                0x00000000080023ec       0x16 ./Drivers/STM32F0xx_HAL_Driver/Src/stm32f0xx_hal_uart.o
                0x00000000080023ec                HAL_UARTEx_RxEventCallback
 *fill*         0x0000000008002402        0x2 
 .text.UART_SetConfig
                0x0000000008002404      0x3d0 ./Drivers/STM32F0xx_HAL_Driver/Src/stm32f0xx_hal_uart.o
                0x0000000008002404                UART_SetConfig
 .text.UART_AdvFeatureConfig
                0x00000000080027d4      0x168 ./Drivers/STM32F0xx_HAL_Driver/Src/stm32f0xx_hal_uart.o
                0x00000000080027d4                UART_AdvFeatureConfig
 .text.UART_CheckIdleState
                0x000000000800293c      0x150 ./Drivers/STM32F0xx_HAL_Driver/Src/stm32f0xx_hal_uart.o
                0x000000000800293c                UART_CheckIdleState
 .text.UART_WaitOnFlagUntilTimeout
                0x0000000008002a8c       0xd2 ./Drivers/STM32F0xx_HAL_Driver/Src/stm32f0xx_hal_uart.o
                0x0000000008002a8c                UART_WaitOnFlagUntilTimeout
 *fill*         0x0000000008002b5e        0x2 
 .text.UART_Start_Receive_DMA
                0x0000000008002b60      0x140 ./Drivers/STM32F0xx_HAL_Driver/Src/stm32f0xx_hal_uart.o
                0x0000000008002b60                UART_Start_Receive_DMA
 .text.UART_EndTxTransfer
                0x0000000008002ca0       0x48 ./Drivers/STM32F0xx_HAL_Driver/Src/stm32f0xx_hal_uart.o
 .text.UART_EndRxTransfer
                0x0000000008002ce8       0xc8 ./Drivers/STM32F0xx_HAL_Driver/Src/stm32f0xx_hal_uart.o
 .text.UART_DMAReceiveCplt
                0x0000000008002db0      0x12c ./Drivers/STM32F0xx_HAL_Driver/Src/stm32f0xx_hal_uart.o
 .text.UART_DMARxHalfCplt
                0x0000000008002edc       0x42 ./Drivers/STM32F0xx_HAL_Driver/Src/stm32f0xx_hal_uart.o
 .text.UART_DMAError
                0x0000000008002f1e       0x84 ./Drivers/STM32F0xx_HAL_Driver/Src/stm32f0xx_hal_uart.o
 .text.UART_DMAAbortOnError
                0x0000000008002fa2       0x2e ./Drivers/STM32F0xx_HAL_Driver/Src/stm32f0xx_hal_uart.o
 .text.UART_EndTransmit_IT
                0x0000000008002fd0       0x56 ./Drivers/STM32F0xx_HAL_Driver/Src/stm32f0xx_hal_uart.o
 .text.HAL_UARTEx_WakeupCallback
                0x0000000008003026       0x10 ./Drivers/STM32F0xx_HAL_Driver/Src/stm32f0xx_hal_uart_ex.o
                0x0000000008003026                HAL_UARTEx_WakeupCallback
 .text.memset   0x0000000008003036       0x10 /opt/st/stm32cubeide_1.13.1/plugins/com.st.stm32cube.ide.mcu.externaltools.gnu-tools-for-stm32.11.3.rel1.linux64_1.1.0.202305231506/tools/bin/../lib/gcc/arm-none-eabi/11.3.1/../../../../arm-none-eabi/lib/thumb/v6-m/nofp/libc_nano.a(libc_a-memset.o)
                0x0000000008003036                memset
 *fill*         0x0000000008003046        0x2 
 .text.__libc_init_array
                0x0000000008003048       0x48 /opt/st/stm32cubeide_1.13.1/plugins/com.st.stm32cube.ide.mcu.externaltools.gnu-tools-for-stm32.11.3.rel1.linux64_1.1.0.202305231506/tools/bin/../lib/gcc/arm-none-eabi/11.3.1/../../../../arm-none-eabi/lib/thumb/v6-m/nofp/libc_nano.a(libc_a-init.o)
                0x0000000008003048                __libc_init_array
 .text.memcpy   0x0000000008003090       0x12 /opt/st/stm32cubeide_1.13.1/plugins/com.st.stm32cube.ide.mcu.externaltools.gnu-tools-for-stm32.11.3.rel1.linux64_1.1.0.202305231506/tools/bin/../lib/gcc/arm-none-eabi/11.3.1/../../../../arm-none-eabi/lib/thumb/v6-m/nofp/libc_nano.a(libc_a-memcpy-stub.o)
                0x0000000008003090                memcpy
 *(.glue_7)
 .glue_7        0x00000000080030a2        0x0 linker stubs
 *(.glue_7t)
 .glue_7t       0x00000000080030a2        0x0 linker stubs
 *(.eh_frame)
 *fill*         0x00000000080030a2        0x2 
 .eh_frame      0x00000000080030a4        0x0 /opt/st/stm32cubeide_1.13.1/plugins/com.st.stm32cube.ide.mcu.externaltools.gnu-tools-for-stm32.11.3.rel1.linux64_1.1.0.202305231506/tools/bin/../lib/gcc/arm-none-eabi/11.3.1/thumb/v6-m/nofp/crtbegin.o
 *(.init)
 .init          0x00000000080030a4        0x4 /opt/st/stm32cubeide_1.13.1/plugins/com.st.stm32cube.ide.mcu.externaltools.gnu-tools-for-stm32.11.3.rel1.linux64_1.1.0.202305231506/tools/bin/../lib/gcc/arm-none-eabi/11.3.1/thumb/v6-m/nofp/crti.o
                0x00000000080030a4                _init
 .init          0x00000000080030a8        0x8 /opt/st/stm32cubeide_1.13.1/plugins/com.st.stm32cube.ide.mcu.externaltools.gnu-tools-for-stm32.11.3.rel1.linux64_1.1.0.202305231506/tools/bin/../lib/gcc/arm-none-eabi/11.3.1/thumb/v6-m/nofp/crtn.o
 *(.fini)
 .fini          0x00000000080030b0        0x4 /opt/st/stm32cubeide_1.13.1/plugins/com.st.stm32cube.ide.mcu.externaltools.gnu-tools-for-stm32.11.3.rel1.linux64_1.1.0.202305231506/tools/bin/../lib/gcc/arm-none-eabi/11.3.1/thumb/v6-m/nofp/crti.o
                0x00000000080030b0                _fini
 .fini          0x00000000080030b4        0x8 /opt/st/stm32cubeide_1.13.1/plugins/com.st.stm32cube.ide.mcu.externaltools.gnu-tools-for-stm32.11.3.rel1.linux64_1.1.0.202305231506/tools/bin/../lib/gcc/arm-none-eabi/11.3.1/thumb/v6-m/nofp/crtn.o
                0x00000000080030bc                . = ALIGN (0x4)
                0x00000000080030bc                _etext = .

.vfp11_veneer   0x00000000080030bc        0x0
 .vfp11_veneer  0x00000000080030bc        0x0 linker stubs

.v4_bx          0x00000000080030bc        0x0
 .v4_bx         0x00000000080030bc        0x0 linker stubs

.iplt           0x00000000080030bc        0x0
 .iplt          0x00000000080030bc        0x0 /opt/st/stm32cubeide_1.13.1/plugins/com.st.stm32cube.ide.mcu.externaltools.gnu-tools-for-stm32.11.3.rel1.linux64_1.1.0.202305231506/tools/bin/../lib/gcc/arm-none-eabi/11.3.1/thumb/v6-m/nofp/crtbegin.o

.rodata         0x00000000080030bc       0x38
                0x00000000080030bc                . = ALIGN (0x4)
 *(.rodata)
 *(.rodata*)
 .rodata.AHBPrescTable
                0x00000000080030bc       0x10 ./Core/Src/system_stm32f0xx.o
                0x00000000080030bc                AHBPrescTable
 .rodata.APBPrescTable
                0x00000000080030cc        0x8 ./Core/Src/system_stm32f0xx.o
                0x00000000080030cc                APBPrescTable
 .rodata.aPLLMULFactorTable.1
                0x00000000080030d4       0x10 ./Drivers/STM32F0xx_HAL_Driver/Src/stm32f0xx_hal_rcc.o
 .rodata.aPredivFactorTable.0
                0x00000000080030e4       0x10 ./Drivers/STM32F0xx_HAL_Driver/Src/stm32f0xx_hal_rcc.o
                0x00000000080030f4                . = ALIGN (0x4)

.rel.dyn        0x00000000080030f4        0x0
 .rel.iplt      0x00000000080030f4        0x0 /opt/st/stm32cubeide_1.13.1/plugins/com.st.stm32cube.ide.mcu.externaltools.gnu-tools-for-stm32.11.3.rel1.linux64_1.1.0.202305231506/tools/bin/../lib/gcc/arm-none-eabi/11.3.1/thumb/v6-m/nofp/crtbegin.o

.ARM.extab      0x00000000080030f4        0x0
                0x00000000080030f4                . = ALIGN (0x4)
 *(.ARM.extab* .gnu.linkonce.armextab.*)
                0x00000000080030f4                . = ALIGN (0x4)

.ARM            0x00000000080030f4        0x0
                0x00000000080030f4                . = ALIGN (0x4)
                0x00000000080030f4                __exidx_start = .
 *(.ARM.exidx*)
                0x00000000080030f4                __exidx_end = .
                0x00000000080030f4                . = ALIGN (0x4)

.preinit_array  0x00000000080030f4        0x0
                0x00000000080030f4                . = ALIGN (0x4)
                0x00000000080030f4                PROVIDE (__preinit_array_start = .)
 *(.preinit_array*)
                0x00000000080030f4                PROVIDE (__preinit_array_end = .)
                0x00000000080030f4                . = ALIGN (0x4)

.init_array     0x00000000080030f4        0x4
                0x00000000080030f4                . = ALIGN (0x4)
                0x00000000080030f4                PROVIDE (__init_array_start = .)
 *(SORT_BY_NAME(.init_array.*))
 *(.init_array*)
 .init_array    0x00000000080030f4        0x4 /opt/st/stm32cubeide_1.13.1/plugins/com.st.stm32cube.ide.mcu.externaltools.gnu-tools-for-stm32.11.3.rel1.linux64_1.1.0.202305231506/tools/bin/../lib/gcc/arm-none-eabi/11.3.1/thumb/v6-m/nofp/crtbegin.o
                0x00000000080030f8                PROVIDE (__init_array_end = .)
                0x00000000080030f8                . = ALIGN (0x4)

.fini_array     0x00000000080030f8        0x4
                0x00000000080030f8                . = ALIGN (0x4)
                [!provide]                        PROVIDE (__fini_array_start = .)
 *(SORT_BY_NAME(.fini_array.*))
 *(.fini_array*)
 .fini_array    0x00000000080030f8        0x4 /opt/st/stm32cubeide_1.13.1/plugins/com.st.stm32cube.ide.mcu.externaltools.gnu-tools-for-stm32.11.3.rel1.linux64_1.1.0.202305231506/tools/bin/../lib/gcc/arm-none-eabi/11.3.1/thumb/v6-m/nofp/crtbegin.o
                [!provide]                        PROVIDE (__fini_array_end = .)
                0x00000000080030fc                . = ALIGN (0x4)
                0x00000000080030fc                _sidata = LOADADDR (.data)

.data           0x0000000020000000        0xc load address 0x00000000080030fc
                0x0000000020000000                . = ALIGN (0x4)
                0x0000000020000000                _sdata = .
 *(.data)
 *(.data*)
 .data.SystemCoreClock
                0x0000000020000000        0x4 ./Core/Src/system_stm32f0xx.o
                0x0000000020000000                SystemCoreClock
 .data.uwTickPrio
                0x0000000020000004        0x4 ./Drivers/STM32F0xx_HAL_Driver/Src/stm32f0xx_hal.o
                0x0000000020000004                uwTickPrio
 .data.uwTickFreq
                0x0000000020000008        0x1 ./Drivers/STM32F0xx_HAL_Driver/Src/stm32f0xx_hal.o
                0x0000000020000008                uwTickFreq
 *(.RamFunc)
 *(.RamFunc*)
                0x000000002000000c                . = ALIGN (0x4)
 *fill*         0x0000000020000009        0x3 
                0x000000002000000c                _edata = .

.igot.plt       0x000000002000000c        0x0 load address 0x0000000008003108
 .igot.plt      0x000000002000000c        0x0 /opt/st/stm32cubeide_1.13.1/plugins/com.st.stm32cube.ide.mcu.externaltools.gnu-tools-for-stm32.11.3.rel1.linux64_1.1.0.202305231506/tools/bin/../lib/gcc/arm-none-eabi/11.3.1/thumb/v6-m/nofp/crtbegin.o
                0x000000002000000c                . = ALIGN (0x4)

.bss            0x000000002000000c      0x148 load address 0x0000000008003108
                0x000000002000000c                _sbss = .
                0x000000002000000c                __bss_start__ = _sbss
 *(.bss)
 .bss           0x000000002000000c       0x1c /opt/st/stm32cubeide_1.13.1/plugins/com.st.stm32cube.ide.mcu.externaltools.gnu-tools-for-stm32.11.3.rel1.linux64_1.1.0.202305231506/tools/bin/../lib/gcc/arm-none-eabi/11.3.1/thumb/v6-m/nofp/crtbegin.o
 *(.bss*)
 .bss.huart1    0x0000000020000028       0x88 ./Core/Src/UART_Driver/UART_Driver.o
 .bss.hdma_usart1_tx
                0x00000000200000b0       0x44 ./Core/Src/UART_Driver/UART_Driver.o
                0x00000000200000b0                hdma_usart1_tx
 .bss.hdma_usart1_rx
                0x00000000200000f4       0x44 ./Core/Src/UART_Driver/UART_Driver.o
                0x00000000200000f4                hdma_usart1_rx
 .bss.UART_Driver_RxBuffer
                0x0000000020000138       0x10 ./Core/Src/UART_Driver/UART_Driver.o
 .bss.UART_Driver_RxMsg
                0x0000000020000148        0x8 ./Core/Src/UART_Driver/UART_Driver.o
 .bss.uwTick    0x0000000020000150        0x4 ./Drivers/STM32F0xx_HAL_Driver/Src/stm32f0xx_hal.o
                0x0000000020000150                uwTick
 *(COMMON)
                0x0000000020000154                . = ALIGN (0x4)
                0x0000000020000154                _ebss = .
                0x0000000020000154                __bss_end__ = _ebss

._user_heap_stack
                0x0000000020000154      0x604 load address 0x0000000008003108
                0x0000000020000158                . = ALIGN (0x8)
 *fill*         0x0000000020000154        0x4 
                [!provide]                        PROVIDE (end = .)
                0x0000000020000158                PROVIDE (_end = .)
                0x0000000020000358                . = (. + _Min_Heap_Size)
 *fill*         0x0000000020000158      0x200 
                0x0000000020000758                . = (. + _Min_Stack_Size)
 *fill*         0x0000000020000358      0x400 
                0x0000000020000758                . = ALIGN (0x8)

/DISCARD/
 libc.a(*)
 libm.a(*)
 libgcc.a(*)

.ARM.attributes
                0x0000000000000000       0x28
 *(.ARM.attributes)
 .ARM.attributes
                0x0000000000000000       0x1e /opt/st/stm32cubeide_1.13.1/plugins/com.st.stm32cube.ide.mcu.externaltools.gnu-tools-for-stm32.11.3.rel1.linux64_1.1.0.202305231506/tools/bin/../lib/gcc/arm-none-eabi/11.3.1/thumb/v6-m/nofp/crti.o
 .ARM.attributes
                0x000000000000001e       0x2c /opt/st/stm32cubeide_1.13.1/plugins/com.st.stm32cube.ide.mcu.externaltools.gnu-tools-for-stm32.11.3.rel1.linux64_1.1.0.202305231506/tools/bin/../lib/gcc/arm-none-eabi/11.3.1/thumb/v6-m/nofp/crtbegin.o
 .ARM.attributes
                0x000000000000004a       0x2c ./Core/Src/Jetson_Bridge/Jetson_Bridge.o
 .ARM.attributes
                0x0000000000000076       0x2c ./Core/Src/UART_Driver/UART_Driver.o
 .ARM.attributes
                0x00000000000000a2       0x2c ./Core/Src/main.o
 .ARM.attributes
                0x00000000000000ce       0x2c ./Core/Src/stm32f0xx_hal_msp.o
 .ARM.attributes
                0x00000000000000fa       0x2c ./Core/Src/stm32f0xx_it.o
 .ARM.attributes
                0x0000000000000126       0x2c ./Core/Src/system_stm32f0xx.o
 .ARM.attributes
                0x0000000000000152       0x21 ./Core/Startup/startup_stm32f091rctx.o
 .ARM.attributes
                0x0000000000000173       0x2c ./Drivers/STM32F0xx_HAL_Driver/Src/stm32f0xx_hal.o
 .ARM.attributes
                0x000000000000019f       0x2c ./Drivers/STM32F0xx_HAL_Driver/Src/stm32f0xx_hal_cortex.o
 .ARM.attributes
                0x00000000000001cb       0x2c ./Drivers/STM32F0xx_HAL_Driver/Src/stm32f0xx_hal_dma.o
 .ARM.attributes
                0x00000000000001f7       0x2c ./Drivers/STM32F0xx_HAL_Driver/Src/stm32f0xx_hal_gpio.o
 .ARM.attributes
                0x0000000000000223       0x2c ./Drivers/STM32F0xx_HAL_Driver/Src/stm32f0xx_hal_rcc.o
 .ARM.attributes
                0x000000000000024f       0x2c ./Drivers/STM32F0xx_HAL_Driver/Src/stm32f0xx_hal_rcc_ex.o
 .ARM.attributes
                0x000000000000027b       0x2c ./Drivers/STM32F0xx_HAL_Driver/Src/stm32f0xx_hal_uart.o
 .ARM.attributes
                0x00000000000002a7       0x2c ./Drivers/STM32F0xx_HAL_Driver/Src/stm32f0xx_hal_uart_ex.o
 .ARM.attributes
                0x00000000000002d3       0x2c /opt/st/stm32cubeide_1.13.1/plugins/com.st.stm32cube.ide.mcu.externaltools.gnu-tools-for-stm32.11.3.rel1.linux64_1.1.0.202305231506/tools/bin/../lib/gcc/arm-none-eabi/11.3.1/../../../../arm-none-eabi/lib/thumb/v6-m/nofp/libc_nano.a(libc_a-memset.o)
 .ARM.attributes
                0x00000000000002ff       0x2c /opt/st/stm32cubeide_1.13.1/plugins/com.st.stm32cube.ide.mcu.externaltools.gnu-tools-for-stm32.11.3.rel1.linux64_1.1.0.202305231506/tools/bin/../lib/gcc/arm-none-eabi/11.3.1/../../../../arm-none-eabi/lib/thumb/v6-m/nofp/libc_nano.a(libc_a-init.o)
 .ARM.attributes
                0x000000000000032b       0x2c /opt/st/stm32cubeide_1.13.1/plugins/com.st.stm32cube.ide.mcu.externaltools.gnu-tools-for-stm32.11.3.rel1.linux64_1.1.0.202305231506/tools/bin/../lib/gcc/arm-none-eabi/11.3.1/../../../../arm-none-eabi/lib/thumb/v6-m/nofp/libc_nano.a(libc_a-memcpy-stub.o)
 .ARM.attributes
                0x0000000000000357       0x1e /opt/st/stm32cubeide_1.13.1/plugins/com.st.stm32cube.ide.mcu.externaltools.gnu-tools-for-stm32.11.3.rel1.linux64_1.1.0.202305231506/tools/bin/../lib/gcc/arm-none-eabi/11.3.1/thumb/v6-m/nofp/libgcc.a(_udivsi3.o)
 .ARM.attributes
                0x0000000000000375       0x1e /opt/st/stm32cubeide_1.13.1/plugins/com.st.stm32cube.ide.mcu.externaltools.gnu-tools-for-stm32.11.3.rel1.linux64_1.1.0.202305231506/tools/bin/../lib/gcc/arm-none-eabi/11.3.1/thumb/v6-m/nofp/libgcc.a(_dvmd_tls.o)
 .ARM.attributes
                0x0000000000000393       0x1e /opt/st/stm32cubeide_1.13.1/plugins/com.st.stm32cube.ide.mcu.externaltools.gnu-tools-for-stm32.11.3.rel1.linux64_1.1.0.202305231506/tools/bin/../lib/gcc/arm-none-eabi/11.3.1/thumb/v6-m/nofp/crtn.o
OUTPUT(ECE477_Embedded.elf elf32-littlearm)
LOAD linker stubs
LOAD /opt/st/stm32cubeide_1.13.1/plugins/com.st.stm32cube.ide.mcu.externaltools.gnu-tools-for-stm32.11.3.rel1.linux64_1.1.0.202305231506/tools/bin/../lib/gcc/arm-none-eabi/11.3.1/../../../../arm-none-eabi/lib/thumb/v6-m/nofp/libc.a
LOAD /opt/st/stm32cubeide_1.13.1/plugins/com.st.stm32cube.ide.mcu.externaltools.gnu-tools-for-stm32.11.3.rel1.linux64_1.1.0.202305231506/tools/bin/../lib/gcc/arm-none-eabi/11.3.1/../../../../arm-none-eabi/lib/thumb/v6-m/nofp/libm.a
LOAD /opt/st/stm32cubeide_1.13.1/plugins/com.st.stm32cube.ide.mcu.externaltools.gnu-tools-for-stm32.11.3.rel1.linux64_1.1.0.202305231506/tools/bin/../lib/gcc/arm-none-eabi/11.3.1/thumb/v6-m/nofp/libgcc.a

.comment        0x0000000000000000       0x43
 .comment       0x0000000000000000       0x43 /opt/st/stm32cubeide_1.13.1/plugins/com.st.stm32cube.ide.mcu.externaltools.gnu-tools-for-stm32.11.3.rel1.linux64_1.1.0.202305231506/tools/bin/../lib/gcc/arm-none-eabi/11.3.1/thumb/v6-m/nofp/crtbegin.o
                                         0x44 (size before relaxing)
 .comment       0x0000000000000043       0x44 ./Core/Src/Jetson_Bridge/Jetson_Bridge.o
 .comment       0x0000000000000043       0x44 ./Core/Src/UART_Driver/UART_Driver.o
 .comment       0x0000000000000043       0x44 ./Core/Src/main.o
 .comment       0x0000000000000043       0x44 ./Core/Src/stm32f0xx_hal_msp.o
 .comment       0x0000000000000043       0x44 ./Core/Src/stm32f0xx_it.o
 .comment       0x0000000000000043       0x44 ./Core/Src/system_stm32f0xx.o
 .comment       0x0000000000000043       0x44 ./Drivers/STM32F0xx_HAL_Driver/Src/stm32f0xx_hal.o
 .comment       0x0000000000000043       0x44 ./Drivers/STM32F0xx_HAL_Driver/Src/stm32f0xx_hal_cortex.o
 .comment       0x0000000000000043       0x44 ./Drivers/STM32F0xx_HAL_Driver/Src/stm32f0xx_hal_dma.o
 .comment       0x0000000000000043       0x44 ./Drivers/STM32F0xx_HAL_Driver/Src/stm32f0xx_hal_gpio.o
 .comment       0x0000000000000043       0x44 ./Drivers/STM32F0xx_HAL_Driver/Src/stm32f0xx_hal_rcc.o
 .comment       0x0000000000000043       0x44 ./Drivers/STM32F0xx_HAL_Driver/Src/stm32f0xx_hal_rcc_ex.o
 .comment       0x0000000000000043       0x44 ./Drivers/STM32F0xx_HAL_Driver/Src/stm32f0xx_hal_uart.o
 .comment       0x0000000000000043       0x44 ./Drivers/STM32F0xx_HAL_Driver/Src/stm32f0xx_hal_uart_ex.o

.debug_info     0x0000000000000000     0x8ce6
 .debug_info    0x0000000000000000       0xca ./Core/Src/Jetson_Bridge/Jetson_Bridge.o
 .debug_info    0x00000000000000ca      0xacf ./Core/Src/UART_Driver/UART_Driver.o
 .debug_info    0x0000000000000b99      0x33b ./Core/Src/main.o
 .debug_info    0x0000000000000ed4      0xac2 ./Core/Src/stm32f0xx_hal_msp.o
 .debug_info    0x0000000000001996       0xd3 ./Core/Src/stm32f0xx_it.o
 .debug_info    0x0000000000001a69      0x242 ./Core/Src/system_stm32f0xx.o
 .debug_info    0x0000000000001cab       0x23 ./Core/Startup/startup_stm32f091rctx.o
 .debug_info    0x0000000000001cce      0x6c3 ./Drivers/STM32F0xx_HAL_Driver/Src/stm32f0xx_hal.o
 .debug_info    0x0000000000002391      0x6bf ./Drivers/STM32F0xx_HAL_Driver/Src/stm32f0xx_hal_cortex.o
 .debug_info    0x0000000000002a50      0x712 ./Drivers/STM32F0xx_HAL_Driver/Src/stm32f0xx_hal_dma.o
 .debug_info    0x0000000000003162      0x5e6 ./Drivers/STM32F0xx_HAL_Driver/Src/stm32f0xx_hal_gpio.o
 .debug_info    0x0000000000003748      0x83f ./Drivers/STM32F0xx_HAL_Driver/Src/stm32f0xx_hal_rcc.o
 .debug_info    0x0000000000003f87      0x5e7 ./Drivers/STM32F0xx_HAL_Driver/Src/stm32f0xx_hal_rcc_ex.o
 .debug_info    0x000000000000456e     0x3acc ./Drivers/STM32F0xx_HAL_Driver/Src/stm32f0xx_hal_uart.o
 .debug_info    0x000000000000803a      0xcac ./Drivers/STM32F0xx_HAL_Driver/Src/stm32f0xx_hal_uart_ex.o

.debug_abbrev   0x0000000000000000     0x1a56
 .debug_abbrev  0x0000000000000000       0x70 ./Core/Src/Jetson_Bridge/Jetson_Bridge.o
 .debug_abbrev  0x0000000000000070      0x22c ./Core/Src/UART_Driver/UART_Driver.o
 .debug_abbrev  0x000000000000029c      0x193 ./Core/Src/main.o
 .debug_abbrev  0x000000000000042f      0x20a ./Core/Src/stm32f0xx_hal_msp.o
 .debug_abbrev  0x0000000000000639       0x73 ./Core/Src/stm32f0xx_it.o
 .debug_abbrev  0x00000000000006ac      0x11c ./Core/Src/system_stm32f0xx.o
 .debug_abbrev  0x00000000000007c8       0x12 ./Core/Startup/startup_stm32f091rctx.o
 .debug_abbrev  0x00000000000007da      0x213 ./Drivers/STM32F0xx_HAL_Driver/Src/stm32f0xx_hal.o
 .debug_abbrev  0x00000000000009ed      0x28c ./Drivers/STM32F0xx_HAL_Driver/Src/stm32f0xx_hal_cortex.o
 .debug_abbrev  0x0000000000000c79      0x236 ./Drivers/STM32F0xx_HAL_Driver/Src/stm32f0xx_hal_dma.o
 .debug_abbrev  0x0000000000000eaf      0x1da ./Drivers/STM32F0xx_HAL_Driver/Src/stm32f0xx_hal_gpio.o
 .debug_abbrev  0x0000000000001089      0x28c ./Drivers/STM32F0xx_HAL_Driver/Src/stm32f0xx_hal_rcc.o
 .debug_abbrev  0x0000000000001315      0x1a7 ./Drivers/STM32F0xx_HAL_Driver/Src/stm32f0xx_hal_rcc_ex.o
 .debug_abbrev  0x00000000000014bc      0x2df ./Drivers/STM32F0xx_HAL_Driver/Src/stm32f0xx_hal_uart.o
 .debug_abbrev  0x000000000000179b      0x2bb ./Drivers/STM32F0xx_HAL_Driver/Src/stm32f0xx_hal_uart_ex.o

.debug_aranges  0x0000000000000000      0x770
 .debug_aranges
                0x0000000000000000       0x20 ./Core/Src/Jetson_Bridge/Jetson_Bridge.o
 .debug_aranges
                0x0000000000000020       0x60 ./Core/Src/UART_Driver/UART_Driver.o
 .debug_aranges
                0x0000000000000080       0x30 ./Core/Src/main.o
 .debug_aranges
                0x00000000000000b0       0x30 ./Core/Src/stm32f0xx_hal_msp.o
 .debug_aranges
                0x00000000000000e0       0x40 ./Core/Src/stm32f0xx_it.o
 .debug_aranges
                0x0000000000000120       0x28 ./Core/Src/system_stm32f0xx.o
 .debug_aranges
                0x0000000000000148       0x28 ./Core/Startup/startup_stm32f091rctx.o
 .debug_aranges
                0x0000000000000170       0xd0 ./Drivers/STM32F0xx_HAL_Driver/Src/stm32f0xx_hal.o
 .debug_aranges
                0x0000000000000240       0xc0 ./Drivers/STM32F0xx_HAL_Driver/Src/stm32f0xx_hal_cortex.o
 .debug_aranges
                0x0000000000000300       0x88 ./Drivers/STM32F0xx_HAL_Driver/Src/stm32f0xx_hal_dma.o
 .debug_aranges
                0x0000000000000388       0x58 ./Drivers/STM32F0xx_HAL_Driver/Src/stm32f0xx_hal_gpio.o
 .debug_aranges
                0x00000000000003e0       0x80 ./Drivers/STM32F0xx_HAL_Driver/Src/stm32f0xx_hal_rcc.o
 .debug_aranges
                0x0000000000000460       0x78 ./Drivers/STM32F0xx_HAL_Driver/Src/stm32f0xx_hal_rcc_ex.o
 .debug_aranges
                0x00000000000004d8      0x228 ./Drivers/STM32F0xx_HAL_Driver/Src/stm32f0xx_hal_uart.o
 .debug_aranges
                0x0000000000000700       0x70 ./Drivers/STM32F0xx_HAL_Driver/Src/stm32f0xx_hal_uart_ex.o

.debug_rnglists
                0x0000000000000000      0x5ac
 .debug_rnglists
                0x0000000000000000       0x13 ./Core/Src/Jetson_Bridge/Jetson_Bridge.o
 .debug_rnglists
                0x0000000000000013       0x44 ./Core/Src/UART_Driver/UART_Driver.o
 .debug_rnglists
                0x0000000000000057       0x20 ./Core/Src/main.o
 .debug_rnglists
                0x0000000000000077       0x20 ./Core/Src/stm32f0xx_hal_msp.o
 .debug_rnglists
                0x0000000000000097       0x2b ./Core/Src/stm32f0xx_it.o
 .debug_rnglists
                0x00000000000000c2       0x1a ./Core/Src/system_stm32f0xx.o
 .debug_rnglists
                0x00000000000000dc       0x19 ./Core/Startup/startup_stm32f091rctx.o
 .debug_rnglists
                0x00000000000000f5       0x97 ./Drivers/STM32F0xx_HAL_Driver/Src/stm32f0xx_hal.o
 .debug_rnglists
                0x000000000000018c       0x8c ./Drivers/STM32F0xx_HAL_Driver/Src/stm32f0xx_hal_cortex.o
 .debug_rnglists
                0x0000000000000218       0x6a ./Drivers/STM32F0xx_HAL_Driver/Src/stm32f0xx_hal_dma.o
 .debug_rnglists
                0x0000000000000282       0x3f ./Drivers/STM32F0xx_HAL_Driver/Src/stm32f0xx_hal_gpio.o
 .debug_rnglists
                0x00000000000002c1       0x61 ./Drivers/STM32F0xx_HAL_Driver/Src/stm32f0xx_hal_rcc.o
 .debug_rnglists
                0x0000000000000322       0x5b ./Drivers/STM32F0xx_HAL_Driver/Src/stm32f0xx_hal_rcc_ex.o
 .debug_rnglists
                0x000000000000037d      0x1db ./Drivers/STM32F0xx_HAL_Driver/Src/stm32f0xx_hal_uart.o
 .debug_rnglists
                0x0000000000000558       0x54 ./Drivers/STM32F0xx_HAL_Driver/Src/stm32f0xx_hal_uart_ex.o

.debug_macro    0x0000000000000000    0x1aa5d
 .debug_macro   0x0000000000000000      0x2a4 ./Core/Src/Jetson_Bridge/Jetson_Bridge.o
 .debug_macro   0x00000000000002a4      0xa7e ./Core/Src/Jetson_Bridge/Jetson_Bridge.o
 .debug_macro   0x0000000000000d22      0x12d ./Core/Src/Jetson_Bridge/Jetson_Bridge.o
 .debug_macro   0x0000000000000e4f       0x2e ./Core/Src/Jetson_Bridge/Jetson_Bridge.o
 .debug_macro   0x0000000000000e7d       0x22 ./Core/Src/Jetson_Bridge/Jetson_Bridge.o
 .debug_macro   0x0000000000000e9f       0x22 ./Core/Src/Jetson_Bridge/Jetson_Bridge.o
 .debug_macro   0x0000000000000ec1       0x8e ./Core/Src/Jetson_Bridge/Jetson_Bridge.o
 .debug_macro   0x0000000000000f4f       0x51 ./Core/Src/Jetson_Bridge/Jetson_Bridge.o
 .debug_macro   0x0000000000000fa0      0x103 ./Core/Src/Jetson_Bridge/Jetson_Bridge.o
 .debug_macro   0x00000000000010a3       0x6a ./Core/Src/Jetson_Bridge/Jetson_Bridge.o
 .debug_macro   0x000000000000110d      0x1df ./Core/Src/Jetson_Bridge/Jetson_Bridge.o
 .debug_macro   0x00000000000012ec       0x1c ./Core/Src/Jetson_Bridge/Jetson_Bridge.o
 .debug_macro   0x0000000000001308       0x22 ./Core/Src/Jetson_Bridge/Jetson_Bridge.o
 .debug_macro   0x000000000000132a       0xaf ./Core/Src/Jetson_Bridge/Jetson_Bridge.o
 .debug_macro   0x00000000000013d9      0x391 ./Core/Src/Jetson_Bridge/Jetson_Bridge.o
 .debug_macro   0x000000000000176a    0x10e6b ./Core/Src/Jetson_Bridge/Jetson_Bridge.o
 .debug_macro   0x00000000000125d5       0x66 ./Core/Src/Jetson_Bridge/Jetson_Bridge.o
 .debug_macro   0x000000000001263b     0x34be ./Core/Src/Jetson_Bridge/Jetson_Bridge.o
 .debug_macro   0x0000000000015af9      0x174 ./Core/Src/Jetson_Bridge/Jetson_Bridge.o
 .debug_macro   0x0000000000015c6d       0x55 ./Core/Src/Jetson_Bridge/Jetson_Bridge.o
 .debug_macro   0x0000000000015cc2      0x946 ./Core/Src/Jetson_Bridge/Jetson_Bridge.o
 .debug_macro   0x0000000000016608      0x69b ./Core/Src/Jetson_Bridge/Jetson_Bridge.o
 .debug_macro   0x0000000000016ca3      0x1ae ./Core/Src/Jetson_Bridge/Jetson_Bridge.o
 .debug_macro   0x0000000000016e51      0x202 ./Core/Src/Jetson_Bridge/Jetson_Bridge.o
 .debug_macro   0x0000000000017053      0x1a7 ./Core/Src/Jetson_Bridge/Jetson_Bridge.o
 .debug_macro   0x00000000000171fa      0x1bc ./Core/Src/Jetson_Bridge/Jetson_Bridge.o
 .debug_macro   0x00000000000173b6      0x4cf ./Core/Src/Jetson_Bridge/Jetson_Bridge.o
 .debug_macro   0x0000000000017885       0x3c ./Core/Src/Jetson_Bridge/Jetson_Bridge.o
 .debug_macro   0x00000000000178c1       0x28 ./Core/Src/Jetson_Bridge/Jetson_Bridge.o
 .debug_macro   0x00000000000178e9       0xb0 ./Core/Src/Jetson_Bridge/Jetson_Bridge.o
 .debug_macro   0x0000000000017999      0x23f ./Core/Src/Jetson_Bridge/Jetson_Bridge.o
 .debug_macro   0x0000000000017bd8      0x22c ./Core/Src/Jetson_Bridge/Jetson_Bridge.o
 .debug_macro   0x0000000000017e04       0x61 ./Core/Src/Jetson_Bridge/Jetson_Bridge.o
 .debug_macro   0x0000000000017e65       0xa5 ./Core/Src/Jetson_Bridge/Jetson_Bridge.o
 .debug_macro   0x0000000000017f0a       0x4c ./Core/Src/Jetson_Bridge/Jetson_Bridge.o
 .debug_macro   0x0000000000017f56      0x16d ./Core/Src/Jetson_Bridge/Jetson_Bridge.o
 .debug_macro   0x00000000000180c3      0x5ba ./Core/Src/Jetson_Bridge/Jetson_Bridge.o
 .debug_macro   0x000000000001867d       0x44 ./Core/Src/Jetson_Bridge/Jetson_Bridge.o
 .debug_macro   0x00000000000186c1      0x435 ./Core/Src/Jetson_Bridge/Jetson_Bridge.o
 .debug_macro   0x0000000000018af6       0x61 ./Core/Src/Jetson_Bridge/Jetson_Bridge.o
 .debug_macro   0x0000000000018b57       0x24 ./Core/Src/Jetson_Bridge/Jetson_Bridge.o
 .debug_macro   0x0000000000018b7b       0x43 ./Core/Src/Jetson_Bridge/Jetson_Bridge.o
 .debug_macro   0x0000000000018bbe       0x34 ./Core/Src/Jetson_Bridge/Jetson_Bridge.o
 .debug_macro   0x0000000000018bf2       0x16 ./Core/Src/Jetson_Bridge/Jetson_Bridge.o
 .debug_macro   0x0000000000018c08       0x43 ./Core/Src/Jetson_Bridge/Jetson_Bridge.o
 .debug_macro   0x0000000000018c4b       0x34 ./Core/Src/Jetson_Bridge/Jetson_Bridge.o
 .debug_macro   0x0000000000018c7f       0x10 ./Core/Src/Jetson_Bridge/Jetson_Bridge.o
 .debug_macro   0x0000000000018c8f       0x58 ./Core/Src/Jetson_Bridge/Jetson_Bridge.o
 .debug_macro   0x0000000000018ce7       0x8e ./Core/Src/Jetson_Bridge/Jetson_Bridge.o
 .debug_macro   0x0000000000018d75       0x1c ./Core/Src/Jetson_Bridge/Jetson_Bridge.o
 .debug_macro   0x0000000000018d91      0x177 ./Core/Src/Jetson_Bridge/Jetson_Bridge.o
 .debug_macro   0x0000000000018f08      0x369 ./Core/Src/Jetson_Bridge/Jetson_Bridge.o
 .debug_macro   0x0000000000019271       0x10 ./Core/Src/Jetson_Bridge/Jetson_Bridge.o
 .debug_macro   0x0000000000019281       0x35 ./Core/Src/Jetson_Bridge/Jetson_Bridge.o
 .debug_macro   0x00000000000192b6       0x20 ./Core/Src/Jetson_Bridge/Jetson_Bridge.o
 .debug_macro   0x00000000000192d6      0x2a4 ./Core/Src/UART_Driver/UART_Driver.o
 .debug_macro   0x000000000001957a      0x1cf ./Core/Src/main.o
 .debug_macro   0x0000000000019749       0x10 ./Core/Src/main.o
 .debug_macro   0x0000000000019759      0x1b8 ./Core/Src/stm32f0xx_hal_msp.o
 .debug_macro   0x0000000000019911      0x1c2 ./Core/Src/stm32f0xx_it.o
 .debug_macro   0x0000000000019ad3      0x1ae ./Core/Src/system_stm32f0xx.o
 .debug_macro   0x0000000000019c81      0x1d2 ./Drivers/STM32F0xx_HAL_Driver/Src/stm32f0xx_hal.o
 .debug_macro   0x0000000000019e53      0x1ae ./Drivers/STM32F0xx_HAL_Driver/Src/stm32f0xx_hal_cortex.o
 .debug_macro   0x000000000001a001      0x1ae ./Drivers/STM32F0xx_HAL_Driver/Src/stm32f0xx_hal_dma.o
 .debug_macro   0x000000000001a1af      0x1b5 ./Drivers/STM32F0xx_HAL_Driver/Src/stm32f0xx_hal_gpio.o
 .debug_macro   0x000000000001a364      0x1c0 ./Drivers/STM32F0xx_HAL_Driver/Src/stm32f0xx_hal_rcc.o
 .debug_macro   0x000000000001a524      0x1c0 ./Drivers/STM32F0xx_HAL_Driver/Src/stm32f0xx_hal_rcc_ex.o
 .debug_macro   0x000000000001a6e4      0x1cb ./Drivers/STM32F0xx_HAL_Driver/Src/stm32f0xx_hal_uart.o
 .debug_macro   0x000000000001a8af      0x1ae ./Drivers/STM32F0xx_HAL_Driver/Src/stm32f0xx_hal_uart_ex.o

.debug_line     0x0000000000000000     0xa88a
 .debug_line    0x0000000000000000      0x8a7 ./Core/Src/Jetson_Bridge/Jetson_Bridge.o
 .debug_line    0x00000000000008a7      0x991 ./Core/Src/UART_Driver/UART_Driver.o
 .debug_line    0x0000000000001238      0x7c4 ./Core/Src/main.o
 .debug_line    0x00000000000019fc      0x70f ./Core/Src/stm32f0xx_hal_msp.o
 .debug_line    0x000000000000210b      0x6db ./Core/Src/stm32f0xx_it.o
 .debug_line    0x00000000000027e6      0x6fe ./Core/Src/system_stm32f0xx.o
 .debug_line    0x0000000000002ee4       0x7b ./Core/Startup/startup_stm32f091rctx.o
 .debug_line    0x0000000000002f5f      0x8f1 ./Drivers/STM32F0xx_HAL_Driver/Src/stm32f0xx_hal.o
 .debug_line    0x0000000000003850      0x99d ./Drivers/STM32F0xx_HAL_Driver/Src/stm32f0xx_hal_cortex.o
 .debug_line    0x00000000000041ed      0xc36 ./Drivers/STM32F0xx_HAL_Driver/Src/stm32f0xx_hal_dma.o
 .debug_line    0x0000000000004e23      0xa81 ./Drivers/STM32F0xx_HAL_Driver/Src/stm32f0xx_hal_gpio.o
 .debug_line    0x00000000000058a4      0xd79 ./Drivers/STM32F0xx_HAL_Driver/Src/stm32f0xx_hal_rcc.o
 .debug_line    0x000000000000661d      0xb59 ./Drivers/STM32F0xx_HAL_Driver/Src/stm32f0xx_hal_rcc_ex.o
 .debug_line    0x0000000000007176     0x2c15 ./Drivers/STM32F0xx_HAL_Driver/Src/stm32f0xx_hal_uart.o
 .debug_line    0x0000000000009d8b      0xaff ./Drivers/STM32F0xx_HAL_Driver/Src/stm32f0xx_hal_uart_ex.o

.debug_str      0x0000000000000000    0x9fbae
 .debug_str     0x0000000000000000    0x9d844 ./Core/Src/Jetson_Bridge/Jetson_Bridge.o
                                      0x9dabb (size before relaxing)
 .debug_str     0x000000000009d844      0x78f ./Core/Src/UART_Driver/UART_Driver.o
                                      0x9e34f (size before relaxing)
 .debug_str     0x000000000009dfd3      0x252 ./Core/Src/main.o
                                      0x9abe6 (size before relaxing)
 .debug_str     0x000000000009e225      0x106 ./Core/Src/stm32f0xx_hal_msp.o
                                      0x9b10d (size before relaxing)
 .debug_str     0x000000000009e32b       0x82 ./Core/Src/stm32f0xx_it.o
                                      0x9a955 (size before relaxing)
 .debug_str     0x000000000009e3ad       0x8b ./Core/Src/system_stm32f0xx.o
                                      0x9a9cd (size before relaxing)
 .debug_str     0x000000000009e438       0x34 ./Core/Startup/startup_stm32f091rctx.o
                                         0x80 (size before relaxing)
 .debug_str     0x000000000009e46c      0x384 ./Drivers/STM32F0xx_HAL_Driver/Src/stm32f0xx_hal.o
                                      0x9afbd (size before relaxing)
 .debug_str     0x000000000009e7f0      0x18d ./Drivers/STM32F0xx_HAL_Driver/Src/stm32f0xx_hal_cortex.o
                                      0x9adae (size before relaxing)
 .debug_str     0x000000000009e97d      0x21e ./Drivers/STM32F0xx_HAL_Driver/Src/stm32f0xx_hal_dma.o
                                      0x9ad83 (size before relaxing)
 .debug_str     0x000000000009eb9b      0x15a ./Drivers/STM32F0xx_HAL_Driver/Src/stm32f0xx_hal_gpio.o
                                      0x9ab83 (size before relaxing)
 .debug_str     0x000000000009ecf5      0x21a ./Drivers/STM32F0xx_HAL_Driver/Src/stm32f0xx_hal_rcc.o
                                      0x9ae14 (size before relaxing)
 .debug_str     0x000000000009ef0f      0x2da ./Drivers/STM32F0xx_HAL_Driver/Src/stm32f0xx_hal_rcc_ex.o
                                      0x9adb0 (size before relaxing)
 .debug_str     0x000000000009f1e9      0x80d ./Drivers/STM32F0xx_HAL_Driver/Src/stm32f0xx_hal_uart.o
                                      0x9b741 (size before relaxing)
 .debug_str     0x000000000009f9f6      0x1b8 ./Drivers/STM32F0xx_HAL_Driver/Src/stm32f0xx_hal_uart_ex.o
                                      0x9b072 (size before relaxing)

.debug_frame    0x0000000000000000     0x18a4
 .debug_frame   0x0000000000000000       0x30 ./Core/Src/Jetson_Bridge/Jetson_Bridge.o
 .debug_frame   0x0000000000000030      0x11c ./Core/Src/UART_Driver/UART_Driver.o
 .debug_frame   0x000000000000014c       0x68 ./Core/Src/main.o
 .debug_frame   0x00000000000001b4       0x70 ./Core/Src/stm32f0xx_hal_msp.o
 .debug_frame   0x0000000000000224       0x9c ./Core/Src/stm32f0xx_it.o
 .debug_frame   0x00000000000002c0       0x4c ./Core/Src/system_stm32f0xx.o
 .debug_frame   0x000000000000030c      0x2a4 ./Drivers/STM32F0xx_HAL_Driver/Src/stm32f0xx_hal.o
 .debug_frame   0x00000000000005b0      0x2a0 ./Drivers/STM32F0xx_HAL_Driver/Src/stm32f0xx_hal_cortex.o
 .debug_frame   0x0000000000000850      0x1d0 ./Drivers/STM32F0xx_HAL_Driver/Src/stm32f0xx_hal_dma.o
 .debug_frame   0x0000000000000a20      0x110 ./Drivers/STM32F0xx_HAL_Driver/Src/stm32f0xx_hal_gpio.o
 .debug_frame   0x0000000000000b30      0x198 ./Drivers/STM32F0xx_HAL_Driver/Src/stm32f0xx_hal_rcc.o
 .debug_frame   0x0000000000000cc8      0x180 ./Drivers/STM32F0xx_HAL_Driver/Src/stm32f0xx_hal_rcc_ex.o
 .debug_frame   0x0000000000000e48      0x850 ./Drivers/STM32F0xx_HAL_Driver/Src/stm32f0xx_hal_uart.o
 .debug_frame   0x0000000000001698      0x178 ./Drivers/STM32F0xx_HAL_Driver/Src/stm32f0xx_hal_uart_ex.o
 .debug_frame   0x0000000000001810       0x20 /opt/st/stm32cubeide_1.13.1/plugins/com.st.stm32cube.ide.mcu.externaltools.gnu-tools-for-stm32.11.3.rel1.linux64_1.1.0.202305231506/tools/bin/../lib/gcc/arm-none-eabi/11.3.1/../../../../arm-none-eabi/lib/thumb/v6-m/nofp/libc_nano.a(libc_a-memset.o)
 .debug_frame   0x0000000000001830       0x2c /opt/st/stm32cubeide_1.13.1/plugins/com.st.stm32cube.ide.mcu.externaltools.gnu-tools-for-stm32.11.3.rel1.linux64_1.1.0.202305231506/tools/bin/../lib/gcc/arm-none-eabi/11.3.1/../../../../arm-none-eabi/lib/thumb/v6-m/nofp/libc_nano.a(libc_a-init.o)
 .debug_frame   0x000000000000185c       0x28 /opt/st/stm32cubeide_1.13.1/plugins/com.st.stm32cube.ide.mcu.externaltools.gnu-tools-for-stm32.11.3.rel1.linux64_1.1.0.202305231506/tools/bin/../lib/gcc/arm-none-eabi/11.3.1/../../../../arm-none-eabi/lib/thumb/v6-m/nofp/libc_nano.a(libc_a-memcpy-stub.o)
 .debug_frame   0x0000000000001884       0x20 /opt/st/stm32cubeide_1.13.1/plugins/com.st.stm32cube.ide.mcu.externaltools.gnu-tools-for-stm32.11.3.rel1.linux64_1.1.0.202305231506/tools/bin/../lib/gcc/arm-none-eabi/11.3.1/thumb/v6-m/nofp/libgcc.a(_udivsi3.o)

.debug_line_str
                0x0000000000000000       0x74
 .debug_line_str
                0x0000000000000000       0x74 ./Core/Startup/startup_stm32f091rctx.o
                                         0x8c (size before relaxing)
