../Core/Src/main.c:82:5:main	40	static
../Core/Src/main.c:161:6:SystemClock_Config	112	static
../Core/Src/main.c:204:13:MX_I2C2_Init	8	static
../Core/Src/main.c:252:13:MX_TIM2_Init	64	static
../Core/Src/main.c:330:13:MX_TIM3_Init	64	static
../Core/Src/main.c:398:13:MX_TIM6_Init	16	static
../Core/Src/main.c:436:13:MX_USART1_UART_Init	8	static
../Core/Src/main.c:469:13:MX_DMA_Init	16	static
../Core/Src/main.c:493:13:MX_GPIO_Init	56	static
../Core/Src/main.c:520:6:HAL_TIM_PeriodElapsedCallback	88	static
../Core/Src/main.c:560:6:HAL_I2C_MasterRxCpltCallback	16	static
../Core/Src/main.c:565:6:HAL_I2C_MasterTxCpltCallback	16	static
../Core/Src/main.c:585:6:Error_Handler	8	static,ignoring_inline_asm
