../Core/Src/main.c:85:5:main	64	static
../Core/Src/main.c:168:6:SystemClock_Config	112	static
../Core/Src/main.c:211:13:MX_I2C2_Init	8	static
../Core/Src/main.c:259:13:MX_TIM2_Init	64	static
../Core/Src/main.c:330:13:MX_TIM3_Init	64	static
../Core/Src/main.c:398:13:MX_TIM6_Init	16	static
../Core/Src/main.c:436:13:MX_USART1_UART_Init	8	static
../Core/Src/main.c:469:13:MX_DMA_Init	16	static
../Core/Src/main.c:493:13:MX_GPIO_Init	56	static
../Core/Src/main.c:533:6:HAL_TIM_PeriodElapsedCallback	16	static
../Core/Src/main.c:567:6:HAL_I2C_MasterRxCpltCallback	16	static
../Core/Src/main.c:572:6:HAL_I2C_MasterTxCpltCallback	16	static
../Core/Src/main.c:592:6:Error_Handler	8	static,ignoring_inline_asm
