../Core/Src/UART_Driver/UART_Driver.c:31:13:UART_Driver_RxMsgHandler	8	static
../Core/Src/UART_Driver/UART_Driver.c:41:6:UART_Driver_Init	16	static
../Core/Src/UART_Driver/UART_Driver.c:74:6:UART_Driver_TX	16	static
../Core/Src/UART_Driver/UART_Driver.c:81:6:UART_Driver_RxInit	8	static
../Core/Src/UART_Driver/UART_Driver.c:86:6:DMA1_Ch1_IRQHandler	8	static
../Core/Src/UART_Driver/UART_Driver.c:100:6:DMA1_Ch2_3_DMA2_Ch1_2_IRQHandler	8	static
../Core/Src/UART_Driver/UART_Driver.c:108:6:USART1_IRQHandler	8	static
../Core/Src/UART_Driver/UART_Driver.c:114:6:HAL_UART_RxHalfCpltCallback	16	static
../Core/Src/UART_Driver/UART_Driver.c:120:6:HAL_UART_RxCpltCallback	16	static
